Archive member included to satisfy reference by file (symbol)

/usr/lib/gcc/avr/5.4.0/avr25/tiny-stack/libgcc.a(_udivmodqi4.o)
                              ./main.o (__udivmodqi4)
/usr/lib/gcc/avr/5.4.0/avr25/tiny-stack/libgcc.a(_exit.o)
                              /usr/lib/gcc/avr/5.4.0/../../../avr/lib/avr25/tiny-stack/crtattiny2313.o (exit)
/usr/lib/gcc/avr/5.4.0/avr25/tiny-stack/libgcc.a(_copy_data.o)
                              ./led_7seg.o (__do_copy_data)
/usr/lib/gcc/avr/5.4.0/avr25/tiny-stack/libgcc.a(_clear_bss.o)
                              ./led_7seg.o (__do_clear_bss)

Allocating common symbols
Common symbol       size              file

cy0                 0x1               ./led_7seg.o
check_temp          0x1               ./led_7seg.o
cy1                 0x1               ./led_7seg.o
cy2                 0x1               ./led_7seg.o
cy3                 0x1               ./led_7seg.o

Memory Configuration

Name             Origin             Length             Attributes
text             0x0000000000000000 0x0000000000002000 xr
data             0x0000000000800060 0x000000000000ffa0 rw !x
eeprom           0x0000000000810000 0x0000000000010000 rw !x
fuse             0x0000000000820000 0x0000000000000003 rw !x
lock             0x0000000000830000 0x0000000000000400 rw !x
signature        0x0000000000840000 0x0000000000000400 rw !x
user_signatures  0x0000000000850000 0x0000000000000400 rw !x
*default*        0x0000000000000000 0xffffffffffffffff

Linker script and memory map

LOAD /usr/lib/gcc/avr/5.4.0/../../../avr/lib/avr25/tiny-stack/crtattiny2313.o
LOAD ./ds18b20.o
LOAD ./led_7seg.o
LOAD ./main.o
START GROUP
LOAD /usr/lib/gcc/avr/5.4.0/avr25/tiny-stack/libgcc.a
LOAD /usr/lib/gcc/avr/5.4.0/../../../avr/lib/avr25/tiny-stack/libm.a
LOAD /usr/lib/gcc/avr/5.4.0/../../../avr/lib/avr25/tiny-stack/libc.a
LOAD /usr/lib/gcc/avr/5.4.0/../../../avr/lib/avr25/tiny-stack/libattiny2313.a
END GROUP
                0x0000000000002000                __TEXT_REGION_LENGTH__ = DEFINED (__TEXT_REGION_LENGTH__)?__TEXT_REGION_LENGTH__:0x2000
                0x000000000000ffa0                __DATA_REGION_LENGTH__ = DEFINED (__DATA_REGION_LENGTH__)?__DATA_REGION_LENGTH__:0xffa0
                0x0000000000010000                __EEPROM_REGION_LENGTH__ = DEFINED (__EEPROM_REGION_LENGTH__)?__EEPROM_REGION_LENGTH__:0x10000
                [0x0000000000000003]                __FUSE_REGION_LENGTH__ = DEFINED (__FUSE_REGION_LENGTH__)?__FUSE_REGION_LENGTH__:0x400
                0x0000000000000400                __LOCK_REGION_LENGTH__ = DEFINED (__LOCK_REGION_LENGTH__)?__LOCK_REGION_LENGTH__:0x400
                0x0000000000000400                __SIGNATURE_REGION_LENGTH__ = DEFINED (__SIGNATURE_REGION_LENGTH__)?__SIGNATURE_REGION_LENGTH__:0x400
                0x0000000000000400                __USER_SIGNATURE_REGION_LENGTH__ = DEFINED (__USER_SIGNATURE_REGION_LENGTH__)?__USER_SIGNATURE_REGION_LENGTH__:0x400

.hash
 *(.hash)

.dynsym
 *(.dynsym)

.dynstr
 *(.dynstr)

.gnu.version
 *(.gnu.version)

.gnu.version_d
 *(.gnu.version_d)

.gnu.version_r
 *(.gnu.version_r)

.rel.init
 *(.rel.init)

.rela.init
 *(.rela.init)

.rel.text
 *(.rel.text)
 *(.rel.text.*)
 *(.rel.gnu.linkonce.t*)

.rela.text
 *(.rela.text)
 *(.rela.text.*)
 *(.rela.gnu.linkonce.t*)

.rel.fini
 *(.rel.fini)

.rela.fini
 *(.rela.fini)

.rel.rodata
 *(.rel.rodata)
 *(.rel.rodata.*)
 *(.rel.gnu.linkonce.r*)

.rela.rodata
 *(.rela.rodata)
 *(.rela.rodata.*)
 *(.rela.gnu.linkonce.r*)

.rel.data
 *(.rel.data)
 *(.rel.data.*)
 *(.rel.gnu.linkonce.d*)

.rela.data
 *(.rela.data)
 *(.rela.data.*)
 *(.rela.gnu.linkonce.d*)

.rel.ctors
 *(.rel.ctors)

.rela.ctors
 *(.rela.ctors)

.rel.dtors
 *(.rel.dtors)

.rela.dtors
 *(.rela.dtors)

.rel.got
 *(.rel.got)

.rela.got
 *(.rela.got)

.rel.bss
 *(.rel.bss)

.rela.bss
 *(.rela.bss)

.rel.plt
 *(.rel.plt)

.rela.plt
 *(.rela.plt)

.text           0x0000000000000000      0x2aa
 *(.vectors)
 .vectors       0x0000000000000000       0x26 /usr/lib/gcc/avr/5.4.0/../../../avr/lib/avr25/tiny-stack/crtattiny2313.o
                0x0000000000000000                __vectors
                0x0000000000000000                __vector_default
 *(.vectors)
 *(.progmem.gcc*)
                0x0000000000000026                . = ALIGN (0x2)
                0x0000000000000026                __trampolines_start = .
 *(.trampolines)
 .trampolines   0x0000000000000026        0x0 linker stubs
 *(.trampolines*)
                0x0000000000000026                __trampolines_end = .
 *libprintf_flt.a:*(.progmem.data)
 *libc.a:*(.progmem.data)
 *(.progmem*)
 .progmem.data.cyfry
                0x0000000000000026        0xf ./led_7seg.o
                0x0000000000000026                cyfry
                0x0000000000000036                . = ALIGN (0x2)
 *fill*         0x0000000000000035        0x1 
 *(.jumptables)
 *(.jumptables*)
 *(.lowtext)
 *(.lowtext*)
                0x0000000000000036                __ctors_start = .
 *(.ctors)
                0x0000000000000036                __ctors_end = .
                0x0000000000000036                __dtors_start = .
 *(.dtors)
                0x0000000000000036                __dtors_end = .
 SORT(*)(.ctors)
 SORT(*)(.dtors)
 *(.init0)
 .init0         0x0000000000000036        0x0 /usr/lib/gcc/avr/5.4.0/../../../avr/lib/avr25/tiny-stack/crtattiny2313.o
                0x0000000000000036                __init
 *(.init0)
 *(.init1)
 *(.init1)
 *(.init2)
 .init2         0x0000000000000036        0x8 /usr/lib/gcc/avr/5.4.0/../../../avr/lib/avr25/tiny-stack/crtattiny2313.o
 *(.init2)
 *(.init3)
 *(.init3)
 *(.init4)
 .init4         0x000000000000003e       0x16 /usr/lib/gcc/avr/5.4.0/avr25/tiny-stack/libgcc.a(_copy_data.o)
                0x000000000000003e                __do_copy_data
 .init4         0x0000000000000054       0x10 /usr/lib/gcc/avr/5.4.0/avr25/tiny-stack/libgcc.a(_clear_bss.o)
                0x0000000000000054                __do_clear_bss
 *(.init4)
 *(.init5)
 *(.init5)
 *(.init6)
 *(.init6)
 *(.init7)
 *(.init7)
 *(.init8)
 *(.init8)
 *(.init9)
 .init9         0x0000000000000064        0x4 /usr/lib/gcc/avr/5.4.0/../../../avr/lib/avr25/tiny-stack/crtattiny2313.o
 *(.init9)
 *(.text)
 .text          0x0000000000000068        0x2 /usr/lib/gcc/avr/5.4.0/../../../avr/lib/avr25/tiny-stack/crtattiny2313.o
                0x0000000000000068                __vector_1
                0x0000000000000068                __vector_12
                0x0000000000000068                __bad_interrupt
                0x0000000000000068                __vector_6
                0x0000000000000068                __vector_3
                0x0000000000000068                __vector_11
                0x0000000000000068                __vector_17
                0x0000000000000068                __vector_7
                0x0000000000000068                __vector_5
                0x0000000000000068                __vector_4
                0x0000000000000068                __vector_9
                0x0000000000000068                __vector_2
                0x0000000000000068                __vector_15
                0x0000000000000068                __vector_8
                0x0000000000000068                __vector_14
                0x0000000000000068                __vector_10
                0x0000000000000068                __vector_16
                0x0000000000000068                __vector_18
 .text          0x000000000000006a        0x0 ./ds18b20.o
 .text          0x000000000000006a        0x0 ./led_7seg.o
 .text          0x000000000000006a        0x0 ./main.o
 .text          0x000000000000006a        0x0 /usr/lib/gcc/avr/5.4.0/avr25/tiny-stack/libgcc.a(_udivmodqi4.o)
 .text          0x000000000000006a        0x0 /usr/lib/gcc/avr/5.4.0/avr25/tiny-stack/libgcc.a(_exit.o)
 .text          0x000000000000006a        0x0 /usr/lib/gcc/avr/5.4.0/avr25/tiny-stack/libgcc.a(_copy_data.o)
 .text          0x000000000000006a        0x0 /usr/lib/gcc/avr/5.4.0/avr25/tiny-stack/libgcc.a(_clear_bss.o)
                0x000000000000006a                . = ALIGN (0x2)
 *(.text.*)
 .text.ds18b20_reset
                0x000000000000006a       0x1e ./ds18b20.o
                0x000000000000006a                ds18b20_reset
 .text.ds18b20_write_bit
                0x0000000000000088       0x14 ./ds18b20.o
                0x0000000000000088                ds18b20_write_bit
 .text.ds18b20_read_bit
                0x000000000000009c       0x1e ./ds18b20.o
                0x000000000000009c                ds18b20_read_bit
 .text.ds18b20_write_byte
                0x00000000000000ba       0x1c ./ds18b20.o
                0x00000000000000ba                ds18b20_write_byte
 .text.ds18b20_read_byte
                0x00000000000000d6       0x22 ./ds18b20.o
                0x00000000000000d6                ds18b20_read_byte
 .text.ds18b20_config
                0x00000000000000f8       0x16 ./ds18b20.o
                0x00000000000000f8                ds18b20_config
 .text.ds18b20_read_temperature
                0x000000000000010e       0x3a ./ds18b20.o
                0x000000000000010e                ds18b20_read_temperature
 .text.d_led_init
                0x0000000000000148       0x2a ./led_7seg.o
                0x0000000000000148                d_led_init
 .text.__vector_13
                0x0000000000000172       0x86 ./led_7seg.o
                0x0000000000000172                __vector_13
 .text.startup.main
                0x00000000000001f8       0x96 ./main.o
                0x00000000000001f8                main
 .text.libgcc.mul
                0x000000000000028e        0x0 /usr/lib/gcc/avr/5.4.0/avr25/tiny-stack/libgcc.a(_udivmodqi4.o)
 .text.libgcc.div
                0x000000000000028e       0x18 /usr/lib/gcc/avr/5.4.0/avr25/tiny-stack/libgcc.a(_udivmodqi4.o)
                0x000000000000028e                __udivmodqi4
 .text.libgcc   0x00000000000002a6        0x0 /usr/lib/gcc/avr/5.4.0/avr25/tiny-stack/libgcc.a(_udivmodqi4.o)
 .text.libgcc.prologue
                0x00000000000002a6        0x0 /usr/lib/gcc/avr/5.4.0/avr25/tiny-stack/libgcc.a(_udivmodqi4.o)
 .text.libgcc.builtins
                0x00000000000002a6        0x0 /usr/lib/gcc/avr/5.4.0/avr25/tiny-stack/libgcc.a(_udivmodqi4.o)
 .text.libgcc.fmul
                0x00000000000002a6        0x0 /usr/lib/gcc/avr/5.4.0/avr25/tiny-stack/libgcc.a(_udivmodqi4.o)
 .text.libgcc.fixed
                0x00000000000002a6        0x0 /usr/lib/gcc/avr/5.4.0/avr25/tiny-stack/libgcc.a(_udivmodqi4.o)
 .text.libgcc.mul
                0x00000000000002a6        0x0 /usr/lib/gcc/avr/5.4.0/avr25/tiny-stack/libgcc.a(_exit.o)
 .text.libgcc.div
                0x00000000000002a6        0x0 /usr/lib/gcc/avr/5.4.0/avr25/tiny-stack/libgcc.a(_exit.o)
 .text.libgcc   0x00000000000002a6        0x0 /usr/lib/gcc/avr/5.4.0/avr25/tiny-stack/libgcc.a(_exit.o)
 .text.libgcc.prologue
                0x00000000000002a6        0x0 /usr/lib/gcc/avr/5.4.0/avr25/tiny-stack/libgcc.a(_exit.o)
 .text.libgcc.builtins
                0x00000000000002a6        0x0 /usr/lib/gcc/avr/5.4.0/avr25/tiny-stack/libgcc.a(_exit.o)
 .text.libgcc.fmul
                0x00000000000002a6        0x0 /usr/lib/gcc/avr/5.4.0/avr25/tiny-stack/libgcc.a(_exit.o)
 .text.libgcc.fixed
                0x00000000000002a6        0x0 /usr/lib/gcc/avr/5.4.0/avr25/tiny-stack/libgcc.a(_exit.o)
 .text.libgcc.mul
                0x00000000000002a6        0x0 /usr/lib/gcc/avr/5.4.0/avr25/tiny-stack/libgcc.a(_copy_data.o)
 .text.libgcc.div
                0x00000000000002a6        0x0 /usr/lib/gcc/avr/5.4.0/avr25/tiny-stack/libgcc.a(_copy_data.o)
 .text.libgcc   0x00000000000002a6        0x0 /usr/lib/gcc/avr/5.4.0/avr25/tiny-stack/libgcc.a(_copy_data.o)
 .text.libgcc.prologue
                0x00000000000002a6        0x0 /usr/lib/gcc/avr/5.4.0/avr25/tiny-stack/libgcc.a(_copy_data.o)
 .text.libgcc.builtins
                0x00000000000002a6        0x0 /usr/lib/gcc/avr/5.4.0/avr25/tiny-stack/libgcc.a(_copy_data.o)
 .text.libgcc.fmul
                0x00000000000002a6        0x0 /usr/lib/gcc/avr/5.4.0/avr25/tiny-stack/libgcc.a(_copy_data.o)
 .text.libgcc.fixed
                0x00000000000002a6        0x0 /usr/lib/gcc/avr/5.4.0/avr25/tiny-stack/libgcc.a(_copy_data.o)
 .text.libgcc.mul
                0x00000000000002a6        0x0 /usr/lib/gcc/avr/5.4.0/avr25/tiny-stack/libgcc.a(_clear_bss.o)
 .text.libgcc.div
                0x00000000000002a6        0x0 /usr/lib/gcc/avr/5.4.0/avr25/tiny-stack/libgcc.a(_clear_bss.o)
 .text.libgcc   0x00000000000002a6        0x0 /usr/lib/gcc/avr/5.4.0/avr25/tiny-stack/libgcc.a(_clear_bss.o)
 .text.libgcc.prologue
                0x00000000000002a6        0x0 /usr/lib/gcc/avr/5.4.0/avr25/tiny-stack/libgcc.a(_clear_bss.o)
 .text.libgcc.builtins
                0x00000000000002a6        0x0 /usr/lib/gcc/avr/5.4.0/avr25/tiny-stack/libgcc.a(_clear_bss.o)
 .text.libgcc.fmul
                0x00000000000002a6        0x0 /usr/lib/gcc/avr/5.4.0/avr25/tiny-stack/libgcc.a(_clear_bss.o)
 .text.libgcc.fixed
                0x00000000000002a6        0x0 /usr/lib/gcc/avr/5.4.0/avr25/tiny-stack/libgcc.a(_clear_bss.o)
                0x00000000000002a6                . = ALIGN (0x2)
 *(.fini9)
 .fini9         0x00000000000002a6        0x0 /usr/lib/gcc/avr/5.4.0/avr25/tiny-stack/libgcc.a(_exit.o)
                0x00000000000002a6                exit
                0x00000000000002a6                _exit
 *(.fini9)
 *(.fini8)
 *(.fini8)
 *(.fini7)
 *(.fini7)
 *(.fini6)
 *(.fini6)
 *(.fini5)
 *(.fini5)
 *(.fini4)
 *(.fini4)
 *(.fini3)
 *(.fini3)
 *(.fini2)
 *(.fini2)
 *(.fini1)
 *(.fini1)
 *(.fini0)
 .fini0         0x00000000000002a6        0x4 /usr/lib/gcc/avr/5.4.0/avr25/tiny-stack/libgcc.a(_exit.o)
 *(.fini0)
                0x00000000000002aa                _etext = .

.data           0x0000000000800060        0x2 load address 0x00000000000002aa
                0x0000000000800060                PROVIDE (__data_start, .)
 *(.data)
 .data          0x0000000000800060        0x0 /usr/lib/gcc/avr/5.4.0/../../../avr/lib/avr25/tiny-stack/crtattiny2313.o
 .data          0x0000000000800060        0x0 ./ds18b20.o
 .data          0x0000000000800060        0x0 ./led_7seg.o
 .data          0x0000000000800060        0x0 ./main.o
 .data          0x0000000000800060        0x0 /usr/lib/gcc/avr/5.4.0/avr25/tiny-stack/libgcc.a(_udivmodqi4.o)
 .data          0x0000000000800060        0x0 /usr/lib/gcc/avr/5.4.0/avr25/tiny-stack/libgcc.a(_exit.o)
 .data          0x0000000000800060        0x0 /usr/lib/gcc/avr/5.4.0/avr25/tiny-stack/libgcc.a(_copy_data.o)
 .data          0x0000000000800060        0x0 /usr/lib/gcc/avr/5.4.0/avr25/tiny-stack/libgcc.a(_clear_bss.o)
 *(.data*)
 .data.licznik.1781
                0x0000000000800060        0x1 ./led_7seg.o
 *(.rodata)
 *(.rodata*)
 *(.gnu.linkonce.d*)
                0x0000000000800062                . = ALIGN (0x2)
 *fill*         0x0000000000800061        0x1 
                0x0000000000800062                _edata = .
                0x0000000000800062                PROVIDE (__data_end, .)

.bss            0x0000000000800062        0x5
                0x0000000000800062                PROVIDE (__bss_start, .)
 *(.bss)
 .bss           0x0000000000800062        0x0 /usr/lib/gcc/avr/5.4.0/../../../avr/lib/avr25/tiny-stack/crtattiny2313.o
 .bss           0x0000000000800062        0x0 ./ds18b20.o
 .bss           0x0000000000800062        0x0 ./led_7seg.o
 .bss           0x0000000000800062        0x0 ./main.o
 .bss           0x0000000000800062        0x0 /usr/lib/gcc/avr/5.4.0/avr25/tiny-stack/libgcc.a(_udivmodqi4.o)
 .bss           0x0000000000800062        0x0 /usr/lib/gcc/avr/5.4.0/avr25/tiny-stack/libgcc.a(_exit.o)
 .bss           0x0000000000800062        0x0 /usr/lib/gcc/avr/5.4.0/avr25/tiny-stack/libgcc.a(_copy_data.o)
 .bss           0x0000000000800062        0x0 /usr/lib/gcc/avr/5.4.0/avr25/tiny-stack/libgcc.a(_clear_bss.o)
 *(.bss*)
 *(COMMON)
 COMMON         0x0000000000800062        0x5 ./led_7seg.o
                0x0000000000800062                cy0
                0x0000000000800063                check_temp
                0x0000000000800064                cy1
                0x0000000000800065                cy2
                0x0000000000800066                cy3
                0x0000000000800067                PROVIDE (__bss_end, .)
                0x00000000000002aa                __data_load_start = LOADADDR (.data)
                0x00000000000002ac                __data_load_end = (__data_load_start + SIZEOF (.data))

.noinit         0x0000000000800067        0x0
                [!provide]                        PROVIDE (__noinit_start, .)
 *(.noinit*)
                [!provide]                        PROVIDE (__noinit_end, .)
                0x0000000000800067                _end = .
                [!provide]                        PROVIDE (__heap_start, .)

.eeprom         0x0000000000810000        0x0
 *(.eeprom*)
                0x0000000000810000                __eeprom_end = .

.fuse
 *(.fuse)
 *(.lfuse)
 *(.hfuse)
 *(.efuse)

.lock
 *(.lock*)

.signature
 *(.signature*)

.user_signatures
 *(.user_signatures*)

.stab
 *(.stab)

.stabstr
 *(.stabstr)

.stab.excl
 *(.stab.excl)

.stab.exclstr
 *(.stab.exclstr)

.stab.index
 *(.stab.index)

.stab.indexstr
 *(.stab.indexstr)

.comment        0x0000000000000000       0x11
 *(.comment)
 .comment       0x0000000000000000       0x11 ./ds18b20.o
                                         0x12 (size before relaxing)
 .comment       0x0000000000000011       0x12 ./led_7seg.o
 .comment       0x0000000000000011       0x12 ./main.o

.note.gnu.avr.deviceinfo
                0x0000000000000000       0x40
 .note.gnu.avr.deviceinfo
                0x0000000000000000       0x40 /usr/lib/gcc/avr/5.4.0/../../../avr/lib/avr25/tiny-stack/crtattiny2313.o

.note.gnu.build-id
 *(.note.gnu.build-id)

.debug
 *(.debug)

.line
 *(.line)

.debug_srcinfo
 *(.debug_srcinfo)

.debug_sfnames
 *(.debug_sfnames)

.debug_aranges
 *(.debug_aranges)

.debug_pubnames
 *(.debug_pubnames)

.debug_info     0x0000000000000000      0x40e
 *(.debug_info .gnu.linkonce.wi.*)
 .debug_info    0x0000000000000000      0x40e /usr/lib/gcc/avr/5.4.0/../../../avr/lib/avr25/tiny-stack/crtattiny2313.o

.debug_abbrev   0x0000000000000000      0x3d7
 *(.debug_abbrev)
 .debug_abbrev  0x0000000000000000      0x3d7 /usr/lib/gcc/avr/5.4.0/../../../avr/lib/avr25/tiny-stack/crtattiny2313.o

.debug_line     0x0000000000000000       0x1a
 *(.debug_line .debug_line.* .debug_line_end)
 .debug_line    0x0000000000000000       0x1a /usr/lib/gcc/avr/5.4.0/../../../avr/lib/avr25/tiny-stack/crtattiny2313.o

.debug_frame
 *(.debug_frame)

.debug_str      0x0000000000000000      0x163
 *(.debug_str)
 .debug_str     0x0000000000000000      0x163 /usr/lib/gcc/avr/5.4.0/../../../avr/lib/avr25/tiny-stack/crtattiny2313.o

.debug_loc
 *(.debug_loc)

.debug_macinfo
 *(.debug_macinfo)

.debug_weaknames
 *(.debug_weaknames)

.debug_funcnames
 *(.debug_funcnames)

.debug_typenames
 *(.debug_typenames)

.debug_varnames
 *(.debug_varnames)

.debug_pubtypes
 *(.debug_pubtypes)

.debug_ranges
 *(.debug_ranges)

.debug_macro
 *(.debug_macro)
OUTPUT(atmel_display_termometr.elf elf32-avr)
LOAD linker stubs
